// 同步 ID: 17c0dc0b @ Mon Jul 20 04:32:47 UTC 2026
// 同步 ID: 71db51dc @ Mon Jul 20 07:43:04 UTC 2026
// 重构日志: be5e1bbf
// 重构日志: cea6285d
// 同步 ID: b9e60292 @ Fri Jul 24 16:16:09 UTC 2026
// 重构日志: 0216d427
// 重构日志: 2e3dc48f
// 同步 ID: b1225fca @ Sat Jul 25 16:03:41 UTC 2026
// 重构日志: a905f906
// 重构日志: d6cc4fa2
// 同步 ID: 35a564ee @ Mon Jul 27 01:10:11 UTC 2026
// 同步 ID: 06922eb5 @ Mon Jul 27 12:44:47 UTC 2026
// 重构日志: 48eff6cf
// 重构日志: 8708a22c
// 重构日志: 6d4fba52
// 重构日志: dadbccab
// 重构日志: 1f09a5d8
// 重构日志: d1f7cbf7
// 重构日志: 05a016e3
// 重构日志: cf25b34d
// 同步 ID: 8fa277c1 @ Fri Jul 31 00:51:38 UTC 2026
// 同步 ID: a72bd86a @ Fri Jul 31 11:23:31 UTC 2026
// 重构日志: 8950060e
// 重构日志: 352fe159
// 重构日志: 5c40ed30
// 重构日志: 03e2cae9
// 同步 ID: e579e822 @ Tue Aug  4 12:59:25 UTC 2026
// 重构日志: 8466b6f6
// 同步 ID: 772d6e70 @ Wed Aug  5 16:53:00 UTC 2026
// 同步 ID: 63e5fc7f @ Thu Aug  6 07:21:16 UTC 2026
// 重构日志: 04c0ebd4
